own       {'CERTIFIED': 8, 'SWEEPABLE': 7, 'INCOMPRESSIBLE': 0, 'REJECT': 5}  certified seeds: [0, 3, 4, 5, 12, 15, 17, 19]
count     {'CERTIFIED': 5, 'SWEEPABLE': 3, 'INCOMPRESSIBLE': 0, 'REJECT': 12}  certified seeds: [4, 7, 8, 15, 16]
clock     {'CERTIFIED': 2, 'SWEEPABLE': 7, 'INCOMPRESSIBLE': 0, 'REJECT': 11}  certified seeds: [1, 15]
own_h0    {'CERTIFIED': 5, 'SWEEPABLE': 5, 'INCOMPRESSIBLE': 3, 'REJECT': 7}  certified seeds: [13, 15, 16, 17, 18]
count_h0  {'CERTIFIED': 10, 'SWEEPABLE': 4, 'INCOMPRESSIBLE': 1, 'REJECT': 5}  certified seeds: [0, 1, 2, 3, 4, 5, 8, 10, 14, 17]
D[class=own      ][world=own      ] = 0.0
D[class=own      ][world=count    ] = 0.1431
D[class=own      ][world=clock    ] = 0.1159
D[class=own      ][world=own_h0   ] = 0.1059
D[class=own      ][world=count_h0 ] = 0.0478
D[class=count    ][world=own      ] = 0.1411
D[class=count    ][world=count    ] = 0.0
D[class=count    ][world=clock    ] = 0.1133
D[class=count    ][world=own_h0   ] = 0.2114
D[class=count    ][world=count_h0 ] = 0.0427
D[class=clock    ][world=own      ] = 0.1883
D[class=clock    ][world=count    ] = 0.2144
D[class=clock    ][world=clock    ] = 0.0
D[class=clock    ][world=own_h0   ] = 0.2445
D[class=clock    ][world=count_h0 ] = 0.1213
D[class=own_h0   ][world=own      ] = 0.0003
D[class=own_h0   ][world=count    ] = 0.122
D[class=own_h0   ][world=clock    ] = 0.1393
D[class=own_h0   ][world=own_h0   ] = 0.0047
D[class=own_h0   ][world=count_h0 ] = 0.0793
D[class=count_h0 ][world=own      ] = 0.1383
D[class=count_h0 ][world=count    ] = 0.0
D[class=count_h0 ][world=clock    ] = 0.1348
D[class=count_h0 ][world=own_h0   ] = 0.1052
D[class=count_h0 ][world=count_h0 ] = 0.0046

rows = theorist class, cols = world twist
                 own     count     clock    own_h0  count_h0
own              0.0    0.1431    0.1159    0.1059    0.0478
count         0.1411       0.0    0.1133    0.2114    0.0427
clock         0.1883    0.2144       0.0    0.2445    0.1213
own_h0        0.0003     0.122    0.1393    0.0047    0.0793
count_h0      0.1383       0.0    0.1348    0.1052    0.0046
-> twist_study.json
